// Jest Snapshot v1, https://goo.gl/fbAQLP

exports[`Login form component renders without crashing 1`] = `
<div
  className="ui center aligned middle aligned grid"
  style={
    Object {
      "height": "100vh",
    }
  }
>
  <div
    className="column"
    style={
      Object {
        "maxWidth": 450,
      }
    }
  >
    <h2
      className="ui black center aligned header"
    >
      Přihlášení
    </h2>
    <form
      className="ui large form"
      onSubmit={[Function]}
    >
      <div
        className="ui stacked segment"
      >
        <div
          className="field"
        >
          <div
            className="ui left icon input"
          >
            <input
              aria-describedby={null}
              onChange={[Function]}
              placeholder="Uživatelské jméno"
              type="text"
              value=""
            />
            <i
              aria-hidden="true"
              className="user icon"
              onClick={[Function]}
            />
          </div>
        </div>
        <div
          className="field"
        >
          <div
            className="ui left icon input"
          >
            <input
              aria-describedby={null}
              onChange={[Function]}
              placeholder="Heslo"
              type="password"
              value=""
            />
            <i
              aria-hidden="true"
              className="lock icon"
              onClick={[Function]}
            />
          </div>
        </div>
        <div
          className="ui checkbox"
          onChange={[Function]}
          onClick={[Function]}
          onMouseDown={[Function]}
          onMouseUp={[Function]}
          style={
            Object {
              "marginBottom": 10,
            }
          }
        >
          <input
            checked={false}
            className="hidden"
            readOnly={true}
            tabIndex={0}
            type="checkbox"
          />
          <label>
            Zapamatovat si mě
          </label>
        </div>
         
        <button
          className="ui orange large fluid button"
          onClick={[Function]}
        >
          Přihlásit se
        </button>
      </div>
    </form>
    <div
      className="ui message"
    >
      <div
        className="ui equal width grid"
      >
        <div
          className="column"
        >
          <a
            href="#/register"
            onClick={[Function]}
          >
            Registrace
          </a>
        </div>
        <div
          className="column"
        >
          <a
            href="#/recoverPassword"
            onClick={[Function]}
          >
            Obnovit heslo
          </a>
           
        </div>
      </div>
    </div>
  </div>
</div>
`;
